---
source: probe-rs/src/debug/debug_info.rs
expression: static_variables
---
Child Variables:
  name: StaticScopeRoot
  type_name: Unknown
  value: "<unknown> {\n\texception_table: <unknown> = < The value of this variable may have been optimized out of the debug info, by the compiler. >,\n\t_aTerminalId: <unknown> = < The value of this variable may have been optimized out of the debug info, by the compiler. >,<unknown>,\n\tchar[1024] = [\n\t\tH,\n\t\te,\n\t\tl,\n\t\tl,\n\t\to,\n\t\t ,\n\t\tH,\n\t\te,\n\t\tl,\n\t\tl,\n\n\t\t... and 1014 more\n\t],\n\tchar[16] = [\n\t\t\u0000,\n\t\t\u0000,\n\t\t\u0000,\n\t\t\u0000,\n\t\t\u0000,\n\t\t\u0000,\n\t\t\u0000,\n\t\t\u0000,\n\t\t\u0000,\n\t\t\u0000,\n\n\t\t... and 6 more\n\t],\n\t_ActiveTerminal: <unknown> = < The value of this variable may have been optimized out of the debug info, by the compiler. >,\n\tfoo: Foo_t = Foo_t @ 0x20000000,\n\tconst Foo_t[2] = [\n\t\tFoo_t @ 0x0000165C,\n\t\tFoo_t @ 0x00001664\n\t]}"
  children:
    - name:
        Named: exception_table
      type_name: Unknown
      value: "< The value of this variable may have been optimized out of the debug info, by the compiler. >"
    - name:
        Named: _aTerminalId
      type_name: Unknown
      value: "< The value of this variable may have been optimized out of the debug info, by the compiler. >"
    - name: Unknown
      type_name: Unknown
      value: "Error: This is a bug! Attempted to evaluate a Variable with no type or no memory location"
    - name:
        Named: _acUpBuffer
      type_name:
        Array:
          item_type_name:
            Base: char
          count: 1024
      value: "char[1024] = [\n\tH,\n\te,\n\tl,\n\tl,\n\to,\n\t ,\n\tH,\n\te,\n\tl,\n\tl,\n\t... and 1014 more]"
      children:
        - name:
            Named: __0
          type_name:
            Base: char
          value: H
        - name:
            Named: __1
          type_name:
            Base: char
          value: e
        - name:
            Named: __2
          type_name:
            Base: char
          value: l
        - name:
            Named: __3
          type_name:
            Base: char
          value: l
        - name:
            Named: __4
          type_name:
            Base: char
          value: o
        - name:
            Named: __5
          type_name:
            Base: char
          value: " "
        - name:
            Named: __6
          type_name:
            Base: char
          value: H
        - name:
            Named: __7
          type_name:
            Base: char
          value: e
        - name:
            Named: __8
          type_name:
            Base: char
          value: l
        - name:
            Named: __9
          type_name:
            Base: char
          value: l
        - name:
            Named: __10
          type_name:
            Base: char
          value: o
        - name:
            Named: __11
          type_name:
            Base: char
          value: ","
        - name:
            Named: __12
          type_name:
            Base: char
          value: " "
        - name:
            Named: __13
          type_name:
            Base: char
          value: W
        - name:
            Named: __14
          type_name:
            Base: char
          value: o
        - name:
            Named: __15
          type_name:
            Base: char
          value: r
        - name:
            Named: __16
          type_name:
            Base: char
          value: l
        - name:
            Named: __17
          type_name:
            Base: char
          value: d
        - name:
            Named: __18
          type_name:
            Base: char
          value: "!"
        - name:
            Named: __19
          type_name:
            Base: char
          value: "\r"
        - name:
            Named: __20
          type_name:
            Base: char
          value: "\n"
        - name:
            Named: __21
          type_name:
            Base: char
          value: v
        - name:
            Named: __22
          type_name:
            Base: char
          value: o
        - name:
            Named: __23
          type_name:
            Base: char
          value: i
        - name:
            Named: __24
          type_name:
            Base: char
          value: d
        - name:
            Named: __25
          type_name:
            Base: char
          value: "*"
        - name:
            Named: __26
          type_name:
            Base: char
          value: " "
        - name:
            Named: __27
          type_name:
            Base: char
          value: "5"
        - name:
            Named: __28
          type_name:
            Base: char
          value: "3"
        - name:
            Named: __29
          type_name:
            Base: char
          value: "6"
        - name:
            Named: __30
          type_name:
            Base: char
          value: "8"
        - name:
            Named: __31
          type_name:
            Base: char
          value: "7"
        - name:
            Named: __32
          type_name:
            Base: char
          value: "0"
        - name:
            Named: __33
          type_name:
            Base: char
          value: "9"
        - name:
            Named: __34
          type_name:
            Base: char
          value: "1"
        - name:
            Named: __35
          type_name:
            Base: char
          value: "2"
        - name:
            Named: __36
          type_name:
            Base: char
          value: "\r"
        - name:
            Named: __37
          type_name:
            Base: char
          value: "\n"
        - name:
            Named: __38
          type_name:
            Base: char
          value: v
        - name:
            Named: __39
          type_name:
            Base: char
          value: o
        - name:
            Named: __40
          type_name:
            Base: char
          value: i
        - name:
            Named: __41
          type_name:
            Base: char
          value: d
        - name:
            Named: __42
          type_name:
            Base: char
          value: "*"
        - name:
            Named: __43
          type_name:
            Base: char
          value: " "
        - name:
            Named: __44
          type_name:
            Base: char
          value: c
        - name:
            Named: __45
          type_name:
            Base: char
          value: o
        - name:
            Named: __46
          type_name:
            Base: char
          value: n
        - name:
            Named: __47
          type_name:
            Base: char
          value: s
        - name:
            Named: __48
          type_name:
            Base: char
          value: t
        - name:
            Named: __49
          type_name:
            Base: char
          value: " "
        - name: Artifical
          type_name: Unknown
          value: "... and 974 more"
    - name:
        Named: _acDownBuffer
      type_name:
        Array:
          item_type_name:
            Base: char
          count: 16
      value: "char[16] = [\n\t\u0000,\n\t\u0000,\n\t\u0000,\n\t\u0000,\n\t\u0000,\n\t\u0000,\n\t\u0000,\n\t\u0000,\n\t\u0000,\n\t\u0000,\n\t... and 6 more]"
      children:
        - name:
            Named: __0
          type_name:
            Base: char
          value: "\u0000"
        - name:
            Named: __1
          type_name:
            Base: char
          value: "\u0000"
        - name:
            Named: __2
          type_name:
            Base: char
          value: "\u0000"
        - name:
            Named: __3
          type_name:
            Base: char
          value: "\u0000"
        - name:
            Named: __4
          type_name:
            Base: char
          value: "\u0000"
        - name:
            Named: __5
          type_name:
            Base: char
          value: "\u0000"
        - name:
            Named: __6
          type_name:
            Base: char
          value: "\u0000"
        - name:
            Named: __7
          type_name:
            Base: char
          value: "\u0000"
        - name:
            Named: __8
          type_name:
            Base: char
          value: "\u0000"
        - name:
            Named: __9
          type_name:
            Base: char
          value: "\u0000"
        - name:
            Named: __10
          type_name:
            Base: char
          value: "\u0000"
        - name:
            Named: __11
          type_name:
            Base: char
          value: "\u0000"
        - name:
            Named: __12
          type_name:
            Base: char
          value: "\u0000"
        - name:
            Named: __13
          type_name:
            Base: char
          value: "\u0000"
        - name:
            Named: __14
          type_name:
            Base: char
          value: "\u0000"
        - name:
            Named: __15
          type_name:
            Base: char
          value: "\u0000"
    - name:
        Named: _ActiveTerminal
      type_name: Unknown
      value: "< The value of this variable may have been optimized out of the debug info, by the compiler. >"
    - name:
        Named: foo
      type_name:
        Modified:
          - Typedef: Foo_t
          - Struct: "<unnamed struct>"
      value: Foo_t @ 0x20000000
      children:
        - name: Unknown
          type_name:
            Base: "<unnamed union>"
          value: "<unnamed union> {\n\t<unknown>: <unnamed struct> = <unnamed struct> @ 0x20000000,\n\tx: uint32_t = 1200000}"
          children:
            - name: Unknown
              type_name:
                Struct: "<unnamed struct>"
              value: "<unnamed struct> @ 0x20000000"
              children:
                - name:
                    Named: a
                  type_name:
                    Modified:
                      - Typedef: uint8_t
                      - Modified:
                          - Typedef: __uint8_t
                          - Base: unsigned char
                  value: "128"
                - name:
                    Named: b
                  type_name:
                    Modified:
                      - Typedef: uint8_t
                      - Modified:
                          - Typedef: __uint8_t
                          - Base: unsigned char
                  value: "79"
                - name:
                    Named: c
                  type_name:
                    Modified:
                      - Typedef: uint8_t
                      - Modified:
                          - Typedef: __uint8_t
                          - Base: unsigned char
                  value: "18"
                - name:
                    Named: d
                  type_name:
                    Modified:
                      - Typedef: uint8_t
                      - Modified:
                          - Typedef: __uint8_t
                          - Base: unsigned char
                  value: "0"
            - name:
                Named: x
              type_name:
                Modified:
                  - Typedef: uint32_t
                  - Modified:
                      - Typedef: __uint32_t
                      - Base: long unsigned int
              value: "1200000"
        - name:
            Named: unsigned_bitfields
          type_name:
            Struct: "<unnamed struct>"
          value: "<unnamed struct> @ 0x20000004"
          children:
            - name:
                Named: f
              type_name:
                Bitfield:
                  - offset:
                      FromLsb: 0
                    length: 5
                  - Modified:
                      - Typedef: uint8_t
                      - Modified:
                          - Typedef: __uint8_t
                          - Base: unsigned char
              value: "31"
            - name:
                Named: g
              type_name:
                Bitfield:
                  - offset:
                      FromLsb: 5
                    length: 3
                  - Modified:
                      - Typedef: uint8_t
                      - Modified:
                          - Typedef: __uint8_t
                          - Base: unsigned char
              value: "7"
        - name:
            Named: signed_bitfields
          type_name:
            Struct: "<unnamed struct>"
          value: "<unnamed struct> @ 0x20000005"
          children:
            - name:
                Named: f
              type_name:
                Bitfield:
                  - offset:
                      FromLsb: 0
                    length: 5
                  - Modified:
                      - Typedef: int8_t
                      - Modified:
                          - Typedef: __int8_t
                          - Base: signed char
              value: "15"
            - name:
                Named: g
              type_name:
                Bitfield:
                  - offset:
                      FromLsb: 5
                    length: 3
                  - Modified:
                      - Typedef: int8_t
                      - Modified:
                          - Typedef: __int8_t
                          - Base: signed char
              value: "-1"
    - name:
        Named: foo_array
      type_name:
        Modified:
          - Const
          - Array:
              item_type_name:
                Modified:
                  - Const
                  - Modified:
                      - Typedef: Foo_t
                      - Struct: "<unnamed struct>"
              count: 2
      value: "const Foo_t[2] = [\n\tFoo_t @ 0x0000165C,\n\tFoo_t @ 0x00001664]"
      children:
        - name:
            Named: __0
          type_name:
            Modified:
              - Const
              - Modified:
                  - Typedef: Foo_t
                  - Struct: "<unnamed struct>"
          value: Foo_t @ 0x0000165C
          children:
            - name: Unknown
              type_name:
                Base: "<unnamed union>"
              value: "<unnamed union> {\n\t<unknown>: <unnamed struct> = <unnamed struct> @ 0x0000165C,\n\tx: uint32_t = 0}"
              children:
                - name: Unknown
                  type_name:
                    Struct: "<unnamed struct>"
                  value: "<unnamed struct> @ 0x0000165C"
                  children:
                    - name:
                        Named: a
                      type_name:
                        Modified:
                          - Typedef: uint8_t
                          - Modified:
                              - Typedef: __uint8_t
                              - Base: unsigned char
                      value: "0"
                    - name:
                        Named: b
                      type_name:
                        Modified:
                          - Typedef: uint8_t
                          - Modified:
                              - Typedef: __uint8_t
                              - Base: unsigned char
                      value: "0"
                    - name:
                        Named: c
                      type_name:
                        Modified:
                          - Typedef: uint8_t
                          - Modified:
                              - Typedef: __uint8_t
                              - Base: unsigned char
                      value: "0"
                    - name:
                        Named: d
                      type_name:
                        Modified:
                          - Typedef: uint8_t
                          - Modified:
                              - Typedef: __uint8_t
                              - Base: unsigned char
                      value: "0"
                - name:
                    Named: x
                  type_name:
                    Modified:
                      - Typedef: uint32_t
                      - Modified:
                          - Typedef: __uint32_t
                          - Base: long unsigned int
                  value: "0"
            - name:
                Named: unsigned_bitfields
              type_name:
                Struct: "<unnamed struct>"
              value: "<unnamed struct> @ 0x00001660"
              children:
                - name:
                    Named: f
                  type_name:
                    Bitfield:
                      - offset:
                          FromLsb: 0
                        length: 5
                      - Modified:
                          - Typedef: uint8_t
                          - Modified:
                              - Typedef: __uint8_t
                              - Base: unsigned char
                  value: "0"
                - name:
                    Named: g
                  type_name:
                    Bitfield:
                      - offset:
                          FromLsb: 5
                        length: 3
                      - Modified:
                          - Typedef: uint8_t
                          - Modified:
                              - Typedef: __uint8_t
                              - Base: unsigned char
                  value: "0"
            - name:
                Named: signed_bitfields
              type_name:
                Struct: "<unnamed struct>"
              value: "<unnamed struct> @ 0x00001661"
              children:
                - name:
                    Named: f
                  type_name:
                    Bitfield:
                      - offset:
                          FromLsb: 0
                        length: 5
                      - Modified:
                          - Typedef: int8_t
                          - Modified:
                              - Typedef: __int8_t
                              - Base: signed char
                  value: "0"
                - name:
                    Named: g
                  type_name:
                    Bitfield:
                      - offset:
                          FromLsb: 5
                        length: 3
                      - Modified:
                          - Typedef: int8_t
                          - Modified:
                              - Typedef: __int8_t
                              - Base: signed char
                  value: "0"
        - name:
            Named: __1
          type_name:
            Modified:
              - Const
              - Modified:
                  - Typedef: Foo_t
                  - Struct: "<unnamed struct>"
          value: Foo_t @ 0x00001664
          children:
            - name: Unknown
              type_name:
                Base: "<unnamed union>"
              value: "<unnamed union> {\n\t<unknown>: <unnamed struct> = <unnamed struct> @ 0x00001664,\n\tx: uint32_t = 0}"
              children:
                - name: Unknown
                  type_name:
                    Struct: "<unnamed struct>"
                  value: "<unnamed struct> @ 0x00001664"
                  children:
                    - name:
                        Named: a
                      type_name:
                        Modified:
                          - Typedef: uint8_t
                          - Modified:
                              - Typedef: __uint8_t
                              - Base: unsigned char
                      value: "0"
                    - name:
                        Named: b
                      type_name:
                        Modified:
                          - Typedef: uint8_t
                          - Modified:
                              - Typedef: __uint8_t
                              - Base: unsigned char
                      value: "0"
                    - name:
                        Named: c
                      type_name:
                        Modified:
                          - Typedef: uint8_t
                          - Modified:
                              - Typedef: __uint8_t
                              - Base: unsigned char
                      value: "0"
                    - name:
                        Named: d
                      type_name:
                        Modified:
                          - Typedef: uint8_t
                          - Modified:
                              - Typedef: __uint8_t
                              - Base: unsigned char
                      value: "0"
                - name:
                    Named: x
                  type_name:
                    Modified:
                      - Typedef: uint32_t
                      - Modified:
                          - Typedef: __uint32_t
                          - Base: long unsigned int
                  value: "0"
            - name:
                Named: unsigned_bitfields
              type_name:
                Struct: "<unnamed struct>"
              value: "<unnamed struct> @ 0x00001668"
              children:
                - name:
                    Named: f
                  type_name:
                    Bitfield:
                      - offset:
                          FromLsb: 0
                        length: 5
                      - Modified:
                          - Typedef: uint8_t
                          - Modified:
                              - Typedef: __uint8_t
                              - Base: unsigned char
                  value: "0"
                - name:
                    Named: g
                  type_name:
                    Bitfield:
                      - offset:
                          FromLsb: 5
                        length: 3
                      - Modified:
                          - Typedef: uint8_t
                          - Modified:
                              - Typedef: __uint8_t
                              - Base: unsigned char
                  value: "0"
            - name:
                Named: signed_bitfields
              type_name:
                Struct: "<unnamed struct>"
              value: "<unnamed struct> @ 0x00001669"
              children:
                - name:
                    Named: f
                  type_name:
                    Bitfield:
                      - offset:
                          FromLsb: 0
                        length: 5
                      - Modified:
                          - Typedef: int8_t
                          - Modified:
                              - Typedef: __int8_t
                              - Base: signed char
                  value: "0"
                - name:
                    Named: g
                  type_name:
                    Bitfield:
                      - offset:
                          FromLsb: 5
                        length: 3
                      - Modified:
                          - Typedef: int8_t
                          - Modified:
                              - Typedef: __int8_t
                              - Base: signed char
                  value: "0"

