---
source: probe-rs/src/debug/debug_info.rs
expression: static_variables
---
Child Variables:
  name: StaticScopeRoot
  type_name: Unknown
  value: ", , <unknown> {\n\t<&u32 as core::fmt::Debug>::{vtable}: <unknown> = < The value of this variable may have been optimized out of the debug info, by the compiler. >, \n\t<&u8 as core::fmt::Debug>::{vtable}: <unknown> = < The value of this variable may have been optimized out of the debug info, by the compiler. >, \n\t<usb_device::endpoint::EndpointType as core::fmt::Debug>::{vtable}: <unknown> = < The value of this variable may have been optimized out of the debug info, by the compiler. >, \n\t<u16 as core::fmt::Debug>::{vtable}: <unknown> = < The value of this variable may have been optimized out of the debug info, by the compiler. >, \n\t<&u16 as core::fmt::Debug>::{vtable}: <unknown> = < The value of this variable may have been optimized out of the debug info, by the compiler. >, \n\t<core::convert::Infallible as core::fmt::Debug>::{vtable}: <core::convert::Infallible as core::fmt::Debug>::{vtable_type} = <core::convert::Infallible as core::fmt::Debug>::{vtable_type} @ 0x1000BAC8, \n\t<&rp2040_hal::gpio::func::DynSioConfig as core::fmt::Debug>::{vtable}: <unknown> = < The value of this variable may have been optimized out of the debug info, by the compiler. >, \n\t<rp2040_hal::gpio::pin::DynBankId as core::fmt::Debug>::{vtable}: <unknown> = < The value of this variable may have been optimized out of the debug info, by the compiler. >, \n\t<&u8 as core::fmt::Debug>::{vtable}: <unknown> = < The value of this variable may have been optimized out of the debug info, by the compiler. >, \n\t<&u32 as core::fmt::Debug>::{vtable}: <unknown> = < The value of this variable may have been optimized out of the debug info, by the compiler. >, \n\t<&u16 as core::fmt::Debug>::{vtable}: <unknown> = < The value of this variable may have been optimized out of the debug info, by the compiler. >, \n\t<rp2040_hal::uart::reader::ReadErrorType as core::fmt::Debug>::{vtable}: <unknown> = < The value of this variable may have been optimized out of the debug info, by the compiler. >, \n\t<&&[u8] as core::fmt::Debug>::{vtable}: <unknown> = < The value of this variable may have been optimized out of the debug info, by the compiler. >, \n\t<&rp2040_hal::rtc::datetime::Error as core::fmt::Debug>::{vtable}: <unknown> = < The value of this variable may have been optimized out of the debug info, by the compiler. >, \n\t<usb_device::UsbDirection as core::fmt::Debug>::{vtable}: <unknown> = < The value of this variable may have been optimized out of the debug info, by the compiler. >, \n\t<usb_device::control::RequestType as core::fmt::Debug>::{vtable}: <unknown> = < The value of this variable may have been optimized out of the debug info, by the compiler. >, \n\t<usb_device::control::Recipient as core::fmt::Debug>::{vtable}: <unknown> = < The value of this variable may have been optimized out of the debug info, by the compiler. >, \n\t<u8 as core::fmt::Debug>::{vtable}: <unknown> = < The value of this variable may have been optimized out of the debug info, by the compiler. >, \n\t<u16 as core::fmt::Debug>::{vtable}: <unknown> = < The value of this variable may have been optimized out of the debug info, by the compiler. >, \n\t<&u16 as core::fmt::Debug>::{vtable}: <unknown> = < The value of this variable may have been optimized out of the debug info, by the compiler. >, \n\t<&u8 as core::fmt::Debug>::{vtable}: <unknown> = < The value of this variable may have been optimized out of the debug info, by the compiler. >, \n\t<&usb_device::control::Request as core::fmt::Debug>::{vtable}: <unknown> = < The value of this variable may have been optimized out of the debug info, by the compiler. >, \n\t<&u8 as core::fmt::Debug>::{vtable}: <unknown> = < The value of this variable may have been optimized out of the debug info, by the compiler. >, \n\t<pio::JmpCondition as core::fmt::Debug>::{vtable}: <unknown> = < The value of this variable may have been optimized out of the debug info, by the compiler. >, \n\t<u8 as core::fmt::Debug>::{vtable}: <unknown> = < The value of this variable may have been optimized out of the debug info, by the compiler. >, \n\t<pio::WaitSource as core::fmt::Debug>::{vtable}: <unknown> = < The value of this variable may have been optimized out of the debug info, by the compiler. >, \n\t<&bool as core::fmt::Debug>::{vtable}: <unknown> = < The value of this variable may have been optimized out of the debug info, by the compiler. >, \n\t<pio::InSource as core::fmt::Debug>::{vtable}: <unknown> = < The value of this variable may have been optimized out of the debug info, by the compiler. >, \n\t<pio::OutDestination as core::fmt::Debug>::{vtable}: <unknown> = < The value of this variable may have been optimized out of the debug info, by the compiler. >, \n\t<bool as core::fmt::Debug>::{vtable}: <unknown> = < The value of this variable may have been optimized out of the debug info, by the compiler. >, \n\t<pio::MovDestination as core::fmt::Debug>::{vtable}: <unknown> = < The value of this variable may have been optimized out of the debug info, by the compiler. >, \n\t<pio::MovOperation as core::fmt::Debug>::{vtable}: <unknown> = < The value of this variable may have been optimized out of the debug info, by the compiler. >, \n\t<&pio::MovSource as core::fmt::Debug>::{vtable}: <unknown> = < The value of this variable may have been optimized out of the debug info, by the compiler. >, \n\t<pio::SetDestination as core::fmt::Debug>::{vtable}: <unknown> = < The value of this variable may have been optimized out of the debug info, by the compiler. >, \n\t<pio::InstructionOperands as core::fmt::Debug>::{vtable}: <unknown> = < The value of this variable may have been optimized out of the debug info, by the compiler. >, \n\t<&core::option::Option<u8> as core::fmt::Debug>::{vtable}: <unknown> = < The value of this variable may have been optimized out of the debug info, by the compiler. >, \n\t<&pio::LabelState as core::fmt::Debug>::{vtable}: <unknown> = < The value of this variable may have been optimized out of the debug info, by the compiler. >, , , \n\t<&cortex_m::peripheral::scb::Exception as core::fmt::Debug>::{vtable}: <unknown> = < The value of this variable may have been optimized out of the debug info, by the compiler. >, \n\t<&u8 as core::fmt::Debug>::{vtable}: <unknown> = < The value of this variable may have been optimized out of the debug info, by the compiler. >, \n\t<&u32 as core::fmt::Debug>::{vtable}: <unknown> = < The value of this variable may have been optimized out of the debug info, by the compiler. >, \n\t<&u8 as core::fmt::Debug>::{vtable}: <unknown> = < The value of this variable may have been optimized out of the debug info, by the compiler. >, \n\t<&&mut [u8] as core::fmt::Debug>::{vtable}: <unknown> = < The value of this variable may have been optimized out of the debug info, by the compiler. >, \n\t<&&[u8] as core::fmt::Debug>::{vtable}: <unknown> = < The value of this variable may have been optimized out of the debug info, by the compiler. >, \n\t<&u16 as core::fmt::Debug>::{vtable}: <unknown> = < The value of this variable may have been optimized out of the debug info, by the compiler. >, \n\t<&u32 as core::fmt::Debug>::{vtable}: <unknown> = < The value of this variable may have been optimized out of the debug info, by the compiler. >, \n\t<&embedded_hal::can::id::StandardId as core::fmt::Debug>::{vtable}: <unknown> = < The value of this variable may have been optimized out of the debug info, by the compiler. >, \n\t<&embedded_hal::can::id::ExtendedId as core::fmt::Debug>::{vtable}: <unknown> = < The value of this variable may have been optimized out of the debug info, by the compiler. >, , \n\t<cortex_m_rt::{impl#1}::fmt::Hex as core::fmt::Debug>::{vtable}: <cortex_m_rt::{impl#1}::fmt::Hex as core::fmt::Debug>::{vtable_type} = <cortex_m_rt::{impl#1}::fmt::Hex as core::fmt::Debug>::{vtable_type} @ 0x1000BFE4, , \n\t<i64 as core::fmt::Debug>::{vtable}: <unknown> = < The value of this variable may have been optimized out of the debug info, by the compiler. >, \n\t<i32 as core::fmt::Debug>::{vtable}: <unknown> = < The value of this variable may have been optimized out of the debug info, by the compiler. >, \n\t<&i16 as core::fmt::Debug>::{vtable}: <unknown> = < The value of this variable may have been optimized out of the debug info, by the compiler. >, \n\t<rtt_target::TerminalWriter as core::fmt::Write>::{vtable}: <rtt_target::TerminalWriter as core::fmt::Write>::{vtable_type} = <rtt_target::TerminalWriter as core::fmt::Write>::{vtable_type} @ 0x1000C7F0, , \n\t<rtt_target::rtt::RttWriter as core::fmt::Write>::{vtable}: <unknown> = < The value of this variable may have been optimized out of the debug info, by the compiler. >, \n\t<&core::marker::PhantomData<&()> as core::fmt::Debug>::{vtable}: <unknown> = < The value of this variable may have been optimized out of the debug info, by the compiler. >, \n\t<&u8 as core::fmt::Debug>::{vtable}: <unknown> = < The value of this variable may have been optimized out of the debug info, by the compiler. >}"

