---
source: target-gen/src/commands/elf.rs
expression: yaml_string
---
name: Test Family
variants:
- name: Test Chip
  cores:
  - name: main
    type: armv8m
    core_access_options: !Arm
      ap: !v1 0
      psel: 0x0
  memory_map:
  - !Nvm
    name: Flash
    range:
      start: 0x8000000
      end: 0x8010000
    cores:
    - main
  - !Ram
    name: SRAM
    range:
      start: 0x20000000
      end: 0x20004000
    cores:
    - main
  - !Ram
    name: CCMRAM
    range:
      start: 0x20004000
      end: 0x20008000
    cores:
    - main
    access:
      execute: false
