---
source: probe-rs/src/bin/probe-rs/dap_server/debug_adapter/protocol.rs
expression: output_str
---

