---
source: probe-rs-tools/src/bin/probe-rs/cmd/gdb_server/target/desc/test.rs
assertion_line: 10
expression: description
---
<?xml version="1.0"?>
        <!DOCTYPE target SYSTEM "gdb-target.dtd">
        <target version="1.0">
        <architecture>armv6-m</architecture></target>
