---
source: probe-rs/src/bin/probe-rs/cmd/chip.rs
expression: output
---
nrf52840_xxaa
Cores (1):
    - main (Armv7em)
RAM: 0x20000000..0x20040000 (256.00 KiB)
RAM: 0x00800000..0x00840000 (256.00 KiB)
NVM: 0x00000000..0x00100000 (1.00 MiB)
NVM: 0x10001000..0x10002000 (4.00 KiB)

